// Jest Snapshot v1, https://goo.gl/fbAQLP

exports[`@TopMenu Component should match the snapshot 1`] = `
<nav
  className="sc-bdVaJa gUwoOw"
>
  <a
    aria-current="page"
    href="/"
    onClick={[Function]}
  >
    Home Page
  </a>
  <a
    href="/about"
    onClick={[Function]}
  >
    About
  </a>
  <a
    href="/exchange"
    onClick={[Function]}
  >
    Exchange Rate
  </a>
</nav>
`;
